<?php return array (
  0 => 'Symfony\\Bundle\\FrameworkBundle\\Controller\\AbstractController',
  1 => 'App\\Controller\\ClientPasswordController',
  2 => 'App\\Controller\\ClientQuestionController',
  3 => 'App\\Controller\\CodeGeneratorController',
  4 => 'App\\Controller\\CreatePinController',
  5 => 'App\\Controller\\DecodeController',
  6 => 'App\\Controller\\FetchController',
  7 => 'App\\Controller\\LoginByIdController',
  8 => 'App\\Controller\\LoginController',
  9 => 'App\\Controller\\MatchCodesController',
  10 => 'App\\Controller\\NonClientRegisterController',
  11 => 'App\\Controller\\OwnQuestionController',
  12 => 'App\\Controller\\PasswordController',
  13 => 'App\\Controller\\ResetCodeController',
  14 => 'App\\Controller\\ResetController',
  15 => 'App\\Controller\\ResetPasswordController',
  16 => 'App\\Controller\\ResetPinController',
  17 => 'App\\Controller\\SaveNonBankClientDataController',
  18 => 'App\\Controller\\SaveRegisterDataController',
  19 => 'App\\Controller\\SaveResetPasswordController',
  20 => 'App\\Controller\\SendEmailController',
  21 => 'App\\Entity\\User',
  22 => 'Doctrine\\Bundle\\DoctrineBundle\\Controller\\ProfilerController',
  23 => 'Doctrine\\ORM\\Cache\\Persister\\Entity\\AbstractEntityPersister',
  24 => 'Doctrine\\ORM\\Cache\\Persister\\Entity\\CachedEntityPersister',
  25 => 'Doctrine\\ORM\\Cache\\Persister\\Entity\\NonStrictReadWriteCachedEntityPersister',
  26 => 'Doctrine\\ORM\\Cache\\Persister\\Entity\\ReadOnlyCachedEntityPersister',
  27 => 'Doctrine\\ORM\\Cache\\Persister\\Entity\\ReadWriteCachedEntityPersister',
  28 => 'Doctrine\\ORM\\Persisters\\Entity\\AbstractEntityInheritancePersister',
  29 => 'Doctrine\\ORM\\Persisters\\Entity\\BasicEntityPersister',
  30 => 'Doctrine\\ORM\\Persisters\\Entity\\CachedPersisterContext',
  31 => 'Doctrine\\ORM\\Persisters\\Entity\\EntityPersister',
  32 => 'Doctrine\\ORM\\Persisters\\Entity\\JoinedSubclassPersister',
  33 => 'Doctrine\\ORM\\Persisters\\Entity\\SingleTablePersister',
  34 => 'Gedmo\\Loggable\\Entity\\LogEntry',
  35 => 'Gedmo\\Loggable\\Entity\\MappedSuperclass\\AbstractLogEntry',
  36 => 'Gedmo\\Loggable\\Entity\\Repository\\LogEntryRepository',
  37 => 'Gedmo\\Sortable\\Entity\\Repository\\SortableRepository',
  38 => 'Gedmo\\Translatable\\Entity\\MappedSuperclass\\AbstractPersonalTranslation',
  39 => 'Gedmo\\Translatable\\Entity\\MappedSuperclass\\AbstractTranslation',
  40 => 'Gedmo\\Translatable\\Entity\\Repository\\TranslationRepository',
  41 => 'Gedmo\\Translatable\\Entity\\Translation',
  42 => 'Gedmo\\Translator\\Entity\\Translation',
  43 => 'Gedmo\\Tree\\Entity\\MappedSuperclass\\AbstractClosure',
  44 => 'Gedmo\\Tree\\Entity\\Repository\\AbstractTreeRepository',
  45 => 'Gedmo\\Tree\\Entity\\Repository\\ClosureTreeRepository',
  46 => 'Gedmo\\Tree\\Entity\\Repository\\MaterializedPathRepository',
  47 => 'Gedmo\\Tree\\Entity\\Repository\\NestedTreeRepository',
  49 => 'Symfony\\Bundle\\FrameworkBundle\\Controller\\ControllerResolver',
  50 => 'Symfony\\Bundle\\FrameworkBundle\\Controller\\RedirectController',
  51 => 'Symfony\\Bundle\\FrameworkBundle\\Controller\\TemplateController',
  52 => 'Symfony\\Component\\HttpKernel\\Controller\\ArgumentResolver',
  53 => 'Symfony\\Component\\HttpKernel\\Controller\\ArgumentResolverInterface',
  54 => 'Symfony\\Component\\HttpKernel\\Controller\\ArgumentResolver\\DefaultValueResolver',
  55 => 'Symfony\\Component\\HttpKernel\\Controller\\ArgumentResolver\\NotTaggedControllerValueResolver',
  56 => 'Symfony\\Component\\HttpKernel\\Controller\\ArgumentResolver\\RequestAttributeValueResolver',
  57 => 'Symfony\\Component\\HttpKernel\\Controller\\ArgumentResolver\\RequestValueResolver',
  58 => 'Symfony\\Component\\HttpKernel\\Controller\\ArgumentResolver\\ServiceValueResolver',
  59 => 'Symfony\\Component\\HttpKernel\\Controller\\ArgumentResolver\\SessionValueResolver',
  60 => 'Symfony\\Component\\HttpKernel\\Controller\\ArgumentResolver\\TraceableValueResolver',
  61 => 'Symfony\\Component\\HttpKernel\\Controller\\ArgumentResolver\\VariadicValueResolver',
  62 => 'Symfony\\Component\\HttpKernel\\Controller\\ArgumentValueResolverInterface',
  63 => 'Symfony\\Component\\HttpKernel\\Controller\\ContainerControllerResolver',
  64 => 'Symfony\\Component\\HttpKernel\\Controller\\ControllerReference',
  65 => 'Symfony\\Component\\HttpKernel\\Controller\\ControllerResolver',
  66 => 'Symfony\\Component\\HttpKernel\\Controller\\ControllerResolverInterface',
  67 => 'Symfony\\Component\\HttpKernel\\Controller\\ErrorController',
  68 => 'Symfony\\Component\\HttpKernel\\Controller\\TraceableArgumentResolver',
  69 => 'Symfony\\Component\\HttpKernel\\Controller\\TraceableControllerResolver',
  70 => 'Symfony\\Component\\Security\\Http\\Controller\\UserValueResolver',
);